2026-05-27 19:23:28,717 INFO o.a.j.u.JMeterUtils: Setting Locale to en_EN
2026-05-27 19:23:28,745 INFO o.a.j.JMeter: Loading user properties from: user.properties
2026-05-27 19:23:28,746 INFO o.a.j.JMeter: Loading system properties from: system.properties
2026-05-27 19:23:28,746 INFO o.a.j.JMeter: Setting JMeter property: threads=50
2026-05-27 19:23:28,746 INFO o.a.j.JMeter: Setting JMeter property: loops=100
2026-05-27 19:23:28,747 INFO o.a.j.JMeter: Setting JMeter property: ramp=10
2026-05-27 19:23:28,757 INFO o.a.j.JMeter: Copyright (c) 1998-2024 The Apache Software Foundation
2026-05-27 19:23:28,758 INFO o.a.j.JMeter: Version 5.6.3
2026-05-27 19:23:28,758 INFO o.a.j.JMeter: java.version=1.8.0_491
2026-05-27 19:23:28,758 INFO o.a.j.JMeter: java.vm.name=Java HotSpot(TM) 64-Bit Server VM
2026-05-27 19:23:28,758 INFO o.a.j.JMeter: os.name=Windows 11
2026-05-27 19:23:28,758 INFO o.a.j.JMeter: os.arch=amd64
2026-05-27 19:23:28,758 INFO o.a.j.JMeter: os.version=10.0
2026-05-27 19:23:28,758 INFO o.a.j.JMeter: file.encoding=Cp1252
2026-05-27 19:23:28,758 INFO o.a.j.JMeter: java.awt.headless=true
2026-05-27 19:23:28,759 INFO o.a.j.JMeter: Max memory     =1073741824
2026-05-27 19:23:28,759 INFO o.a.j.JMeter: Available Processors =8
2026-05-27 19:23:28,766 INFO o.a.j.JMeter: Default Locale=English (EN)
2026-05-27 19:23:28,766 INFO o.a.j.JMeter: JMeter  Locale=English (EN)
2026-05-27 19:23:28,766 INFO o.a.j.JMeter: JMeterHome=C:\Users\roima\dataExplorer\apache-jmeter-5.6.3
2026-05-27 19:23:28,767 INFO o.a.j.JMeter: user.dir  =C:\Users\roima\dataExplorer\apache-jmeter-5.6.3\bin
2026-05-27 19:23:28,767 INFO o.a.j.JMeter: PWD       =C:\Users\roima\dataExplorer\apache-jmeter-5.6.3\bin
2026-05-27 19:23:33,733 INFO o.a.j.JMeter: IP: 192.168.56.1 Name: ROIMAN FullName: ROIMAN
2026-05-27 19:23:33,786 INFO o.a.j.s.FileServer: Default base='C:\Users\roima\dataExplorer\apache-jmeter-5.6.3\bin'
2026-05-27 19:23:33,791 INFO o.a.j.s.FileServer: Set new base='C:\Users\roima\dataExplorer\apache-jmeter-5.6.3\bin\..\..'
2026-05-27 19:23:34,089 INFO o.a.j.s.SaveService: Testplan (JMX) version: 2.2. Testlog (JTL) version: 2.2
2026-05-27 19:23:34,147 INFO o.a.j.s.SaveService: Using SaveService properties file encoding UTF-8
2026-05-27 19:23:34,157 INFO o.a.j.s.SaveService: Using SaveService properties version 5.0
2026-05-27 19:23:34,170 INFO o.a.j.s.SaveService: Loading file: ..\..\jmeter_test.jmx
2026-05-27 19:23:34,301 INFO o.a.j.p.h.s.HTTPSamplerBase: Parser for text/html is org.apache.jmeter.protocol.http.parser.LagartoBasedHtmlParser
2026-05-27 19:23:34,302 INFO o.a.j.p.h.s.HTTPSamplerBase: Parser for application/xhtml+xml is org.apache.jmeter.protocol.http.parser.LagartoBasedHtmlParser
2026-05-27 19:23:34,302 INFO o.a.j.p.h.s.HTTPSamplerBase: Parser for application/xml is org.apache.jmeter.protocol.http.parser.LagartoBasedHtmlParser
2026-05-27 19:23:34,302 INFO o.a.j.p.h.s.HTTPSamplerBase: Parser for text/xml is org.apache.jmeter.protocol.http.parser.LagartoBasedHtmlParser
2026-05-27 19:23:34,302 INFO o.a.j.p.h.s.HTTPSamplerBase: Parser for text/vnd.wap.wml is org.apache.jmeter.protocol.http.parser.RegexpHTMLParser
2026-05-27 19:23:34,302 INFO o.a.j.p.h.s.HTTPSamplerBase: Parser for text/css is org.apache.jmeter.protocol.http.parser.CssParser
2026-05-27 19:23:35,196 INFO o.a.j.JMeter: Creating summariser <summary>
2026-05-27 19:23:35,331 INFO o.a.j.e.StandardJMeterEngine: Running the test!
2026-05-27 19:23:35,334 INFO o.a.j.s.SampleEvent: List of sample_variables: []
2026-05-27 19:23:35,334 INFO o.a.j.s.SampleEvent: List of sample_variables: []
2026-05-27 19:23:35,397 INFO o.a.j.e.u.CompoundVariable: Note: Function class names must contain the string: '.functions.'
2026-05-27 19:23:35,398 INFO o.a.j.e.u.CompoundVariable: Note: Function class names must not contain the string: '.gui.'
2026-05-27 19:23:36,921 INFO o.a.j.JMeter: Running test (1779927816921)
2026-05-27 19:23:37,014 INFO o.a.j.e.StandardJMeterEngine: Starting ThreadGroup: 1 : Thread Group
2026-05-27 19:23:37,015 INFO o.a.j.e.StandardJMeterEngine: Starting 50 threads for group Thread Group.
2026-05-27 19:23:37,015 INFO o.a.j.e.StandardJMeterEngine: Thread will continue on error
2026-05-27 19:23:37,015 INFO o.a.j.t.ThreadGroup: Starting thread group... number=1 threads=50 ramp-up=10 delayedStart=false
2026-05-27 19:23:37,043 INFO o.a.j.t.JMeterThread: Thread started: Thread Group 1-1
2026-05-27 19:23:37,096 INFO o.a.j.t.ThreadGroup: Started thread group number 1
2026-05-27 19:23:37,096 INFO o.a.j.e.StandardJMeterEngine: All thread groups have been started
2026-05-27 19:23:37,136 INFO o.a.j.p.h.s.HTTPHCAbstractImpl: Local host = ROIMAN
2026-05-27 19:23:37,165 INFO o.a.j.p.h.s.HTTPHC4Impl: HTTP request retry count = 0
2026-05-27 19:23:37,171 INFO o.a.j.s.SampleResult: Note: Sample TimeStamps are START times
2026-05-27 19:23:37,171 INFO o.a.j.s.SampleResult: sampleresult.default.encoding is set to UTF-8
2026-05-27 19:23:37,172 INFO o.a.j.s.SampleResult: sampleresult.useNanoTime=true
2026-05-27 19:23:37,172 INFO o.a.j.s.SampleResult: sampleresult.nanoThreadSleep=5000
2026-05-27 19:23:37,234 INFO o.a.j.t.JMeterThread: Thread started: Thread Group 1-2
2026-05-27 19:23:37,436 INFO o.a.j.t.JMeterThread: Thread started: Thread Group 1-3
2026-05-27 19:23:37,631 INFO o.a.j.t.JMeterThread: Thread started: Thread Group 1-4
2026-05-27 19:23:37,830 INFO o.a.j.t.JMeterThread: Thread started: Thread Group 1-5
2026-05-27 19:23:38,031 INFO o.a.j.t.JMeterThread: Thread started: Thread Group 1-6
2026-05-27 19:23:38,229 INFO o.a.j.t.JMeterThread: Thread started: Thread Group 1-7
2026-05-27 19:23:38,427 INFO o.a.j.t.JMeterThread: Thread started: Thread Group 1-8
2026-05-27 19:23:38,625 INFO o.a.j.t.JMeterThread: Thread started: Thread Group 1-9
2026-05-27 19:23:38,828 INFO o.a.j.t.JMeterThread: Thread started: Thread Group 1-10
2026-05-27 19:23:39,034 INFO o.a.j.t.JMeterThread: Thread started: Thread Group 1-11
2026-05-27 19:23:39,227 INFO o.a.j.t.JMeterThread: Thread started: Thread Group 1-12
2026-05-27 19:23:39,430 INFO o.a.j.t.JMeterThread: Thread started: Thread Group 1-13
2026-05-27 19:23:39,627 INFO o.a.j.t.JMeterThread: Thread started: Thread Group 1-14
2026-05-27 19:23:39,761 INFO o.a.j.t.JMeterThread: Thread is done: Thread Group 1-4
2026-05-27 19:23:39,761 INFO o.a.j.t.JMeterThread: Thread is done: Thread Group 1-2
2026-05-27 19:23:39,762 INFO o.a.j.t.JMeterThread: Thread finished: Thread Group 1-4
2026-05-27 19:23:39,762 INFO o.a.j.t.JMeterThread: Thread finished: Thread Group 1-2
2026-05-27 19:23:39,824 INFO o.a.j.t.JMeterThread: Thread is done: Thread Group 1-3
2026-05-27 19:23:39,824 INFO o.a.j.t.JMeterThread: Thread finished: Thread Group 1-3
2026-05-27 19:23:39,828 INFO o.a.j.t.JMeterThread: Thread started: Thread Group 1-15
2026-05-27 19:23:40,032 INFO o.a.j.t.JMeterThread: Thread started: Thread Group 1-16
2026-05-27 19:23:40,071 INFO o.a.j.t.JMeterThread: Thread is done: Thread Group 1-1
2026-05-27 19:23:40,071 INFO o.a.j.t.JMeterThread: Thread finished: Thread Group 1-1
2026-05-27 19:23:40,230 INFO o.a.j.t.JMeterThread: Thread started: Thread Group 1-17
2026-05-27 19:23:40,280 INFO o.a.j.t.JMeterThread: Thread is done: Thread Group 1-5
2026-05-27 19:23:40,281 INFO o.a.j.t.JMeterThread: Thread finished: Thread Group 1-5
2026-05-27 19:23:40,437 INFO o.a.j.t.JMeterThread: Thread started: Thread Group 1-18
2026-05-27 19:23:40,603 INFO o.a.j.t.JMeterThread: Thread is done: Thread Group 1-6
2026-05-27 19:23:40,603 INFO o.a.j.t.JMeterThread: Thread finished: Thread Group 1-6
2026-05-27 19:23:40,634 INFO o.a.j.t.JMeterThread: Thread started: Thread Group 1-19
2026-05-27 19:23:40,822 INFO o.a.j.t.JMeterThread: Thread started: Thread Group 1-20
2026-05-27 19:23:41,022 INFO o.a.j.t.JMeterThread: Thread started: Thread Group 1-21
2026-05-27 19:23:41,234 INFO o.a.j.t.JMeterThread: Thread started: Thread Group 1-22
2026-05-27 19:23:41,433 INFO o.a.j.t.JMeterThread: Thread started: Thread Group 1-23
2026-05-27 19:23:41,498 INFO o.a.j.t.JMeterThread: Thread is done: Thread Group 1-7
2026-05-27 19:23:41,498 INFO o.a.j.t.JMeterThread: Thread finished: Thread Group 1-7
2026-05-27 19:23:41,573 INFO o.a.j.t.JMeterThread: Thread is done: Thread Group 1-8
2026-05-27 19:23:41,573 INFO o.a.j.t.JMeterThread: Thread finished: Thread Group 1-8
2026-05-27 19:23:41,618 INFO o.a.j.t.JMeterThread: Thread started: Thread Group 1-24
2026-05-27 19:23:41,818 INFO o.a.j.t.JMeterThread: Thread started: Thread Group 1-25
2026-05-27 19:23:42,023 INFO o.a.j.t.JMeterThread: Thread is done: Thread Group 1-9
2026-05-27 19:23:42,023 INFO o.a.j.t.JMeterThread: Thread finished: Thread Group 1-9
2026-05-27 19:23:42,032 INFO o.a.j.t.JMeterThread: Thread started: Thread Group 1-26
2026-05-27 19:23:42,233 INFO o.a.j.t.JMeterThread: Thread started: Thread Group 1-27
2026-05-27 19:23:42,349 INFO o.a.j.t.JMeterThread: Thread is done: Thread Group 1-10
2026-05-27 19:23:42,350 INFO o.a.j.t.JMeterThread: Thread finished: Thread Group 1-10
2026-05-27 19:23:42,430 INFO o.a.j.t.JMeterThread: Thread started: Thread Group 1-28
2026-05-27 19:23:42,623 INFO o.a.j.t.JMeterThread: Thread started: Thread Group 1-29
2026-05-27 19:23:42,830 INFO o.a.j.t.JMeterThread: Thread started: Thread Group 1-30
2026-05-27 19:23:42,909 INFO o.a.j.t.JMeterThread: Thread is done: Thread Group 1-13
2026-05-27 19:23:42,909 INFO o.a.j.t.JMeterThread: Thread finished: Thread Group 1-13
2026-05-27 19:23:43,031 INFO o.a.j.t.JMeterThread: Thread is done: Thread Group 1-11
2026-05-27 19:23:43,032 INFO o.a.j.t.JMeterThread: Thread finished: Thread Group 1-11
2026-05-27 19:23:43,034 INFO o.a.j.t.JMeterThread: Thread started: Thread Group 1-31
2026-05-27 19:23:43,221 INFO o.a.j.t.JMeterThread: Thread started: Thread Group 1-32
2026-05-27 19:23:43,299 INFO o.a.j.t.JMeterThread: Thread is done: Thread Group 1-12
2026-05-27 19:23:43,299 INFO o.a.j.t.JMeterThread: Thread finished: Thread Group 1-12
2026-05-27 19:23:43,420 INFO o.a.j.t.JMeterThread: Thread started: Thread Group 1-33
2026-05-27 19:23:43,506 INFO o.a.j.t.JMeterThread: Thread is done: Thread Group 1-14
2026-05-27 19:23:43,506 INFO o.a.j.t.JMeterThread: Thread finished: Thread Group 1-14
2026-05-27 19:23:43,634 INFO o.a.j.t.JMeterThread: Thread started: Thread Group 1-34
2026-05-27 19:23:43,834 INFO o.a.j.t.JMeterThread: Thread started: Thread Group 1-35
2026-05-27 19:23:43,850 INFO o.a.j.t.JMeterThread: Thread is done: Thread Group 1-15
2026-05-27 19:23:43,850 INFO o.a.j.t.JMeterThread: Thread finished: Thread Group 1-15
2026-05-27 19:23:44,042 INFO o.a.j.t.JMeterThread: Thread started: Thread Group 1-36
2026-05-27 19:23:44,204 INFO o.a.j.t.JMeterThread: Thread is done: Thread Group 1-17
2026-05-27 19:23:44,205 INFO o.a.j.t.JMeterThread: Thread finished: Thread Group 1-17
2026-05-27 19:23:44,205 INFO o.a.j.t.JMeterThread: Thread is done: Thread Group 1-16
2026-05-27 19:23:44,206 INFO o.a.j.t.JMeterThread: Thread finished: Thread Group 1-16
2026-05-27 19:23:44,231 INFO o.a.j.t.JMeterThread: Thread started: Thread Group 1-37
2026-05-27 19:23:44,431 INFO o.a.j.t.JMeterThread: Thread started: Thread Group 1-38
2026-05-27 19:23:44,633 INFO o.a.j.t.JMeterThread: Thread started: Thread Group 1-39
2026-05-27 19:23:44,838 INFO o.a.j.t.JMeterThread: Thread started: Thread Group 1-40
2026-05-27 19:23:45,031 INFO o.a.j.t.JMeterThread: Thread started: Thread Group 1-41
2026-05-27 19:23:45,231 INFO o.a.j.t.JMeterThread: Thread started: Thread Group 1-42
2026-05-27 19:23:45,279 INFO o.a.j.t.JMeterThread: Thread is done: Thread Group 1-18
2026-05-27 19:23:45,280 INFO o.a.j.t.JMeterThread: Thread finished: Thread Group 1-18
2026-05-27 19:23:45,432 INFO o.a.j.t.JMeterThread: Thread started: Thread Group 1-43
2026-05-27 19:23:45,527 INFO o.a.j.t.JMeterThread: Thread is done: Thread Group 1-19
2026-05-27 19:23:45,528 INFO o.a.j.t.JMeterThread: Thread finished: Thread Group 1-19
2026-05-27 19:23:45,628 INFO o.a.j.t.JMeterThread: Thread started: Thread Group 1-44
2026-05-27 19:23:45,699 INFO o.a.j.t.JMeterThread: Thread is done: Thread Group 1-20
2026-05-27 19:23:45,699 INFO o.a.j.t.JMeterThread: Thread finished: Thread Group 1-20
2026-05-27 19:23:45,828 INFO o.a.j.t.JMeterThread: Thread started: Thread Group 1-45
2026-05-27 19:23:46,029 INFO o.a.j.t.JMeterThread: Thread started: Thread Group 1-46
2026-05-27 19:23:46,104 INFO o.a.j.t.JMeterThread: Thread is done: Thread Group 1-21
2026-05-27 19:23:46,104 INFO o.a.j.t.JMeterThread: Thread finished: Thread Group 1-21
2026-05-27 19:23:46,232 INFO o.a.j.t.JMeterThread: Thread started: Thread Group 1-47
2026-05-27 19:23:46,337 INFO o.a.j.t.JMeterThread: Thread is done: Thread Group 1-22
2026-05-27 19:23:46,337 INFO o.a.j.t.JMeterThread: Thread finished: Thread Group 1-22
2026-05-27 19:23:46,425 INFO o.a.j.t.JMeterThread: Thread started: Thread Group 1-48
2026-05-27 19:23:46,429 INFO o.a.j.t.JMeterThread: Thread is done: Thread Group 1-23
2026-05-27 19:23:46,429 INFO o.a.j.t.JMeterThread: Thread finished: Thread Group 1-23
2026-05-27 19:23:46,567 INFO o.a.j.t.JMeterThread: Thread is done: Thread Group 1-25
2026-05-27 19:23:46,567 INFO o.a.j.t.JMeterThread: Thread finished: Thread Group 1-25
2026-05-27 19:23:46,624 INFO o.a.j.t.JMeterThread: Thread started: Thread Group 1-49
2026-05-27 19:23:46,812 INFO o.a.j.t.JMeterThread: Thread is done: Thread Group 1-24
2026-05-27 19:23:46,813 INFO o.a.j.t.JMeterThread: Thread finished: Thread Group 1-24
2026-05-27 19:23:46,825 INFO o.a.j.t.JMeterThread: Thread started: Thread Group 1-50
2026-05-27 19:23:47,190 INFO o.a.j.t.JMeterThread: Thread is done: Thread Group 1-26
2026-05-27 19:23:47,191 INFO o.a.j.t.JMeterThread: Thread finished: Thread Group 1-26
2026-05-27 19:23:47,592 INFO o.a.j.t.JMeterThread: Thread is done: Thread Group 1-30
2026-05-27 19:23:47,593 INFO o.a.j.t.JMeterThread: Thread finished: Thread Group 1-30
2026-05-27 19:23:47,627 INFO o.a.j.t.JMeterThread: Thread is done: Thread Group 1-28
2026-05-27 19:23:47,627 INFO o.a.j.t.JMeterThread: Thread finished: Thread Group 1-28
2026-05-27 19:23:47,767 INFO o.a.j.t.JMeterThread: Thread is done: Thread Group 1-27
2026-05-27 19:23:47,768 INFO o.a.j.t.JMeterThread: Thread finished: Thread Group 1-27
2026-05-27 19:23:47,906 INFO o.a.j.t.JMeterThread: Thread is done: Thread Group 1-32
2026-05-27 19:23:47,907 INFO o.a.j.t.JMeterThread: Thread finished: Thread Group 1-32
2026-05-27 19:23:47,937 INFO o.a.j.t.JMeterThread: Thread is done: Thread Group 1-29
2026-05-27 19:23:47,939 INFO o.a.j.t.JMeterThread: Thread finished: Thread Group 1-29
2026-05-27 19:23:48,007 INFO o.a.j.t.JMeterThread: Thread is done: Thread Group 1-33
2026-05-27 19:23:48,007 INFO o.a.j.t.JMeterThread: Thread finished: Thread Group 1-33
2026-05-27 19:23:48,315 INFO o.a.j.t.JMeterThread: Thread is done: Thread Group 1-31
2026-05-27 19:23:48,316 INFO o.a.j.t.JMeterThread: Thread finished: Thread Group 1-31
2026-05-27 19:23:48,392 INFO o.a.j.t.JMeterThread: Thread is done: Thread Group 1-36
2026-05-27 19:23:48,393 INFO o.a.j.t.JMeterThread: Thread finished: Thread Group 1-36
2026-05-27 19:23:48,495 INFO o.a.j.t.JMeterThread: Thread is done: Thread Group 1-35
2026-05-27 19:23:48,495 INFO o.a.j.t.JMeterThread: Thread finished: Thread Group 1-35
2026-05-27 19:23:48,526 INFO o.a.j.t.JMeterThread: Thread is done: Thread Group 1-37
2026-05-27 19:23:48,527 INFO o.a.j.t.JMeterThread: Thread finished: Thread Group 1-37
2026-05-27 19:23:48,718 INFO o.a.j.t.JMeterThread: Thread is done: Thread Group 1-34
2026-05-27 19:23:48,718 INFO o.a.j.t.JMeterThread: Thread finished: Thread Group 1-34
2026-05-27 19:23:48,776 INFO o.a.j.t.JMeterThread: Thread is done: Thread Group 1-41
2026-05-27 19:23:48,776 INFO o.a.j.t.JMeterThread: Thread finished: Thread Group 1-41
2026-05-27 19:23:48,818 INFO o.a.j.t.JMeterThread: Thread is done: Thread Group 1-40
2026-05-27 19:23:48,818 INFO o.a.j.t.JMeterThread: Thread finished: Thread Group 1-40
2026-05-27 19:23:48,856 INFO o.a.j.t.JMeterThread: Thread is done: Thread Group 1-38
2026-05-27 19:23:48,856 INFO o.a.j.t.JMeterThread: Thread finished: Thread Group 1-38
2026-05-27 19:23:48,897 INFO o.a.j.t.JMeterThread: Thread is done: Thread Group 1-43
2026-05-27 19:23:48,898 INFO o.a.j.t.JMeterThread: Thread finished: Thread Group 1-43
2026-05-27 19:23:48,963 INFO o.a.j.t.JMeterThread: Thread is done: Thread Group 1-39
2026-05-27 19:23:48,963 INFO o.a.j.t.JMeterThread: Thread finished: Thread Group 1-39
2026-05-27 19:23:48,995 INFO o.a.j.t.JMeterThread: Thread is done: Thread Group 1-42
2026-05-27 19:23:48,995 INFO o.a.j.t.JMeterThread: Thread finished: Thread Group 1-42
2026-05-27 19:23:49,031 INFO o.a.j.t.JMeterThread: Thread is done: Thread Group 1-44
2026-05-27 19:23:49,031 INFO o.a.j.t.JMeterThread: Thread finished: Thread Group 1-44
2026-05-27 19:23:49,040 INFO o.a.j.t.JMeterThread: Thread is done: Thread Group 1-47
2026-05-27 19:23:49,040 INFO o.a.j.t.JMeterThread: Thread finished: Thread Group 1-47
2026-05-27 19:23:49,045 INFO o.a.j.t.JMeterThread: Thread is done: Thread Group 1-45
2026-05-27 19:23:49,045 INFO o.a.j.t.JMeterThread: Thread finished: Thread Group 1-45
2026-05-27 19:23:49,131 INFO o.a.j.t.JMeterThread: Thread is done: Thread Group 1-46
2026-05-27 19:23:49,131 INFO o.a.j.t.JMeterThread: Thread finished: Thread Group 1-46
2026-05-27 19:23:49,168 INFO o.a.j.t.JMeterThread: Thread is done: Thread Group 1-48
2026-05-27 19:23:49,168 INFO o.a.j.t.JMeterThread: Thread finished: Thread Group 1-48
2026-05-27 19:23:49,216 INFO o.a.j.t.JMeterThread: Thread is done: Thread Group 1-49
2026-05-27 19:23:49,216 INFO o.a.j.t.JMeterThread: Thread finished: Thread Group 1-49
2026-05-27 19:23:49,226 INFO o.a.j.t.JMeterThread: Thread is done: Thread Group 1-50
2026-05-27 19:23:49,227 INFO o.a.j.t.JMeterThread: Thread finished: Thread Group 1-50
2026-05-27 19:23:49,227 INFO o.a.j.e.StandardJMeterEngine: Notifying test listeners of end of test
2026-05-27 19:23:49,231 INFO o.a.j.r.Summariser: summary =   5000 in 00:00:12 =  406.3/s Avg:    39 Min:     4 Max:   143 Err:     0 (0.00%)
